
===========================================================================
 report_power
============================================================================
======================= nom_ff_n40C_1v95 Corner ===================================

Group                    Internal    Switching      Leakage        Total
                            Power        Power        Power        Power (Watts)
------------------------------------------------------------------------
Sequential           1.401618e-03 1.835614e-04 4.059453e-08 1.585220e-03  22.4%
Combinational        1.667793e-03 2.983085e-03 1.758997e-07 4.651054e-03  65.7%
Clock                3.713227e-04 4.763132e-04 2.956362e-08 8.476655e-04  12.0%
Macro                0.000000e+00 0.000000e+00 0.000000e+00 0.000000e+00   0.0%
Pad                  0.000000e+00 0.000000e+00 0.000000e+00 0.000000e+00   0.0%
------------------------------------------------------------------------
Total                3.440740e-03 3.642963e-03 2.460552e-07 7.083949e-03 100.0%
                            48.6%        51.4%         0.0%

