
===========================================================================
 report_power
============================================================================
======================= min_ss_100C_1v60 Corner ===================================

Group                    Internal    Switching      Leakage        Total
                            Power        Power        Power        Power (Watts)
------------------------------------------------------------------------
Sequential           9.343206e-04 1.110209e-04 4.438418e-05 1.089726e-03  22.8%
Combinational        1.207942e-03 1.801607e-03 9.908531e-05 3.108634e-03  65.1%
Clock                2.798903e-04 2.945897e-04 4.139677e-06 5.786197e-04  12.1%
Macro                0.000000e+00 0.000000e+00 0.000000e+00 0.000000e+00   0.0%
Pad                  0.000000e+00 0.000000e+00 0.000000e+00 0.000000e+00   0.0%
------------------------------------------------------------------------
Total                2.422156e-03 2.207210e-03 1.476034e-04 4.776969e-03 100.0%
                            50.7%        46.2%         3.1%

