
===========================================================================
 report_power
============================================================================
======================= min_ss_100C_1v60 Corner ===================================

Group                    Internal    Switching      Leakage        Total
                            Power        Power        Power        Power (Watts)
------------------------------------------------------------------------
Sequential           9.340890e-04 1.092582e-04 4.438123e-05 1.087728e-03  22.6%
Combinational        1.210518e-03 1.852956e-03 9.931208e-05 3.162786e-03  65.6%
Clock                2.698906e-04 2.978927e-04 4.006395e-06 5.717896e-04  11.9%
Macro                0.000000e+00 0.000000e+00 0.000000e+00 0.000000e+00   0.0%
Pad                  0.000000e+00 0.000000e+00 0.000000e+00 0.000000e+00   0.0%
------------------------------------------------------------------------
Total                2.414499e-03 2.260110e-03 1.476940e-04 4.822303e-03 100.0%
                            50.1%        46.9%         3.1%

