
===========================================================================
 report_power
============================================================================
======================= max_ff_n40C_1v95 Corner ===================================

Group                    Internal    Switching      Leakage        Total
                            Power        Power        Power        Power (Watts)
------------------------------------------------------------------------
Sequential           1.401196e-03 1.898590e-04 4.059481e-08 1.591096e-03  22.1%
Combinational        1.671769e-03 3.057515e-03 1.763434e-07 4.729460e-03  65.5%
Clock                3.912230e-04 5.032269e-04 3.577197e-08 8.944857e-04  12.4%
Macro                0.000000e+00 0.000000e+00 0.000000e+00 0.000000e+00   0.0%
Pad                  0.000000e+00 0.000000e+00 0.000000e+00 0.000000e+00   0.0%
------------------------------------------------------------------------
Total                3.464203e-03 3.750603e-03 2.527067e-07 7.215059e-03 100.0%
                            48.0%        52.0%         0.0%

