
===========================================================================
 report_power
============================================================================
======================= nom_ss_100C_1v60 Corner ===================================

Group                    Internal    Switching      Leakage        Total
                            Power        Power        Power        Power (Watts)
------------------------------------------------------------------------
Sequential           9.337064e-04 1.148208e-04 4.438123e-05 1.092908e-03  22.0%
Combinational        1.210866e-03 1.979462e-03 9.931208e-05 3.289641e-03  66.2%
Clock                2.701893e-04 3.147291e-04 4.006395e-06 5.889248e-04  11.8%
Macro                0.000000e+00 0.000000e+00 0.000000e+00 0.000000e+00   0.0%
Pad                  0.000000e+00 0.000000e+00 0.000000e+00 0.000000e+00   0.0%
------------------------------------------------------------------------
Total                2.414765e-03 2.409011e-03 1.476940e-04 4.971470e-03 100.0%
                            48.6%        48.5%         3.0%

