
===========================================================================
 report_power
============================================================================
======================= nom_ss_100C_1v60 Corner ===================================

Group                    Internal    Switching      Leakage        Total
                            Power        Power        Power        Power (Watts)
------------------------------------------------------------------------
Sequential           9.339082e-04 1.187685e-04 4.438430e-05 1.097061e-03  22.0%
Combinational        1.205655e-03 1.995898e-03 9.923985e-05 3.300793e-03  66.3%
Clock                2.662030e-04 3.106849e-04 3.919707e-06 5.808076e-04  11.7%
Macro                0.000000e+00 0.000000e+00 0.000000e+00 0.000000e+00   0.0%
Pad                  0.000000e+00 0.000000e+00 0.000000e+00 0.000000e+00   0.0%
------------------------------------------------------------------------
Total                2.405769e-03 2.425351e-03 1.475382e-04 4.978659e-03 100.0%
                            48.3%        48.7%         3.0%

