
===========================================================================
 report_power
============================================================================
======================= min_ff_n40C_1v95 Corner ===================================

Group                    Internal    Switching      Leakage        Total
                            Power        Power        Power        Power (Watts)
------------------------------------------------------------------------
Sequential           1.401502e-03 1.694451e-04 4.055132e-08 1.570987e-03  23.0%
Combinational        1.670677e-03 2.768486e-03 1.770377e-07 4.439340e-03  64.9%
Clock                3.769281e-04 4.572473e-04 5.393908e-08 8.342293e-04  12.2%
Macro                0.000000e+00 0.000000e+00 0.000000e+00 0.000000e+00   0.0%
Pad                  0.000000e+00 0.000000e+00 0.000000e+00 0.000000e+00   0.0%
------------------------------------------------------------------------
Total                3.449128e-03 3.395178e-03 2.715233e-07 6.844577e-03 100.0%
                            50.4%        49.6%         0.0%

