
===========================================================================
 report_power
============================================================================
======================= min_ff_n40C_1v95 Corner ===================================

Group                    Internal    Switching      Leakage        Total
                            Power        Power        Power        Power (Watts)
------------------------------------------------------------------------
Sequential           1.401577e-03 1.721119e-04 4.059481e-08 1.573730e-03  23.2%
Combinational        1.666909e-03 2.694531e-03 1.763434e-07 4.361617e-03  64.3%
Clock                3.907432e-04 4.523066e-04 3.577197e-08 8.430856e-04  12.4%
Macro                0.000000e+00 0.000000e+00 0.000000e+00 0.000000e+00   0.0%
Pad                  0.000000e+00 0.000000e+00 0.000000e+00 0.000000e+00   0.0%
------------------------------------------------------------------------
Total                3.459238e-03 3.318949e-03 2.527067e-07 6.778440e-03 100.0%
                            51.0%        49.0%         0.0%

