
===========================================================================
 report_power
============================================================================
======================= min_tt_025C_1v80 Corner ===================================

Group                    Internal    Switching      Leakage        Total
                            Power        Power        Power        Power (Watts)
------------------------------------------------------------------------
Sequential           1.208123e-03 1.450594e-04 3.239845e-08 1.353215e-03  22.9%
Combinational        1.489726e-03 2.360128e-03 8.474542e-08 3.849939e-03  65.2%
Clock                3.255649e-04 3.787900e-04 1.779189e-08 7.043727e-04  11.9%
Macro                0.000000e+00 0.000000e+00 0.000000e+00 0.000000e+00   0.0%
Pad                  0.000000e+00 0.000000e+00 0.000000e+00 0.000000e+00   0.0%
------------------------------------------------------------------------
Total                3.023430e-03 2.883981e-03 1.349371e-07 5.907546e-03 100.0%
                            51.2%        48.8%         0.0%

