
===========================================================================
 report_power
============================================================================
======================= min_tt_025C_1v80 Corner ===================================

Group                    Internal    Switching      Leakage        Total
                            Power        Power        Power        Power (Watts)
------------------------------------------------------------------------
Sequential           1.207927e-03 1.409150e-04 3.239391e-08 1.348875e-03  22.8%
Combinational        1.495384e-03 2.349509e-03 8.486217e-08 3.844978e-03  65.1%
Clock                3.305730e-04 3.840051e-04 3.844546e-08 7.146166e-04  12.1%
Macro                0.000000e+00 0.000000e+00 0.000000e+00 0.000000e+00   0.0%
Pad                  0.000000e+00 0.000000e+00 0.000000e+00 0.000000e+00   0.0%
------------------------------------------------------------------------
Total                3.033898e-03 2.874428e-03 1.556974e-07 5.908481e-03 100.0%
                            51.3%        48.6%         0.0%

