┏━━━━━━━━━━━━━━━━━━━━━━┳━━━━━━━━━━┳━━━━━━━━━━┳━━━━━━━━━━┳━━━━━━━━━━┳━━━━━━━━━━━┳━━━━━━━━━━┳━━━━━━━━━━━┳━━━━━━━━━━┳━━━━━━━━━━━┳━━━━━━━━━━┳━━━━━━━━━━━┳━━━━━━━━━━┓
┃                      ┃ Hold     ┃ Reg to   ┃          ┃          ┃ of which  ┃ Setup    ┃           ┃          ┃           ┃ of which ┃           ┃          ┃
┃                      ┃ Worst    ┃ Reg      ┃          ┃ Hold Vio ┃ reg to    ┃ Worst    ┃ Reg to    ┃ Setup    ┃ Setup Vio ┃ reg to   ┃ Max Cap   ┃ Max Slew ┃
┃ Corner/Group         ┃ Slack    ┃ Paths    ┃ Hold TNS ┃ Count    ┃ reg       ┃ Slack    ┃ Reg Paths ┃ TNS      ┃ Count     ┃ reg      ┃ Violatio… ┃ Violati… ┃
┡━━━━━━━━━━━━━━━━━━━━━━╇━━━━━━━━━━╇━━━━━━━━━━╇━━━━━━━━━━╇━━━━━━━━━━╇━━━━━━━━━━━╇━━━━━━━━━━╇━━━━━━━━━━━╇━━━━━━━━━━╇━━━━━━━━━━━╇━━━━━━━━━━╇━━━━━━━━━━━╇━━━━━━━━━━┩
│ Overall              │ 0.1104   │ 0.1104   │ 0.0000   │ 0        │ 0         │ 38.1924  │ 38.1924   │ 0.0000   │ 0         │ 0        │ 9         │ 865      │
│ nom_tt_025C_1v80     │ 0.3233   │ 0.3233   │ 0.0000   │ 0        │ 0         │ 64.5555  │ 69.9604   │ 0.0000   │ 0         │ 0        │ 5         │ 32       │
│ nom_ss_100C_1v60     │ 0.8783   │ 0.8783   │ 0.0000   │ 0        │ 0         │ 40.0583  │ 40.0583   │ 0.0000   │ 0         │ 0        │ 6         │ 679      │
│ nom_ff_n40C_1v95     │ 0.1127   │ 0.1127   │ 0.0000   │ 0        │ 0         │ 70.3688  │ 83.5300   │ 0.0000   │ 0         │ 0        │ 5         │ 0        │
│ min_tt_025C_1v80     │ 0.3195   │ 0.3195   │ 0.0000   │ 0        │ 0         │ 64.8064  │ 70.9544   │ 0.0000   │ 0         │ 0        │ 2         │ 3        │
│ min_ss_100C_1v60     │ 0.8698   │ 0.8698   │ 0.0000   │ 0        │ 0         │ 41.8445  │ 41.8445   │ 0.0000   │ 0         │ 0        │ 2         │ 538      │
│ min_ff_n40C_1v95     │ 0.1104   │ 0.1104   │ 0.0000   │ 0        │ 0         │ 70.5370  │ 84.0827   │ 0.0000   │ 0         │ 0        │ 2         │ 0        │
│ max_tt_025C_1v80     │ 0.3265   │ 0.3265   │ 0.0000   │ 0        │ 0         │ 64.3243  │ 68.9554   │ 0.0000   │ 0         │ 0        │ 8         │ 39       │
│ max_ss_100C_1v60     │ 0.8897   │ 0.8897   │ 0.0000   │ 0        │ 0         │ 38.1924  │ 38.1924   │ 0.0000   │ 0         │ 0        │ 9         │ 865      │
│ max_ff_n40C_1v95     │ 0.1152   │ 0.1152   │ 0.0000   │ 0        │ 0         │ 70.2106  │ 82.9521   │ 0.0000   │ 0         │ 0        │ 8         │ 0        │
└──────────────────────┴──────────┴──────────┴──────────┴──────────┴───────────┴──────────┴───────────┴──────────┴───────────┴──────────┴───────────┴──────────┘
