┏━━━━━━━━━━━━━━━━━━━━━━┳━━━━━━━━━━┳━━━━━━━━━━┳━━━━━━━━━━┳━━━━━━━━━━┳━━━━━━━━━━━┳━━━━━━━━━━┳━━━━━━━━━━━┳━━━━━━━━━━┳━━━━━━━━━━━┳━━━━━━━━━━┳━━━━━━━━━━━┳━━━━━━━━━━┓
┃                      ┃ Hold     ┃ Reg to   ┃          ┃          ┃ of which  ┃ Setup    ┃           ┃          ┃           ┃ of which ┃           ┃          ┃
┃                      ┃ Worst    ┃ Reg      ┃          ┃ Hold Vio ┃ reg to    ┃ Worst    ┃ Reg to    ┃ Setup    ┃ Setup Vio ┃ reg to   ┃ Max Cap   ┃ Max Slew ┃
┃ Corner/Group         ┃ Slack    ┃ Paths    ┃ Hold TNS ┃ Count    ┃ reg       ┃ Slack    ┃ Reg Paths ┃ TNS      ┃ Count     ┃ reg      ┃ Violatio… ┃ Violati… ┃
┡━━━━━━━━━━━━━━━━━━━━━━╇━━━━━━━━━━╇━━━━━━━━━━╇━━━━━━━━━━╇━━━━━━━━━━╇━━━━━━━━━━━╇━━━━━━━━━━╇━━━━━━━━━━━╇━━━━━━━━━━╇━━━━━━━━━━━╇━━━━━━━━━━╇━━━━━━━━━━━╇━━━━━━━━━━┩
│ Overall              │ 0.1093   │ 0.1093   │ 0.0000   │ 0        │ 0         │ 40.1520  │ 40.1520   │ 0.0000   │ 0         │ 0        │ 18        │ 999      │
│ nom_tt_025C_1v80     │ 0.3202   │ 0.3202   │ 0.0000   │ 0        │ 0         │ 64.8340  │ 71.1246   │ 0.0000   │ 0         │ 0        │ 4         │ 38       │
│ nom_ss_100C_1v60     │ 0.8904   │ 0.8904   │ 0.0000   │ 0        │ 0         │ 41.8040  │ 41.8040   │ 0.0000   │ 0         │ 0        │ 6         │ 752      │
│ nom_ff_n40C_1v95     │ 0.1110   │ 0.1110   │ 0.0000   │ 0        │ 0         │ 70.5535  │ 83.9044   │ 0.0000   │ 0         │ 0        │ 4         │ 0        │
│ min_tt_025C_1v80     │ 0.3166   │ 0.3166   │ 0.0000   │ 0        │ 0         │ 65.0310  │ 72.0191   │ 0.0000   │ 0         │ 0        │ 1         │ 12       │
│ min_ss_100C_1v60     │ 0.8818   │ 0.8818   │ 0.0000   │ 0        │ 0         │ 43.5535  │ 43.5535   │ 0.0000   │ 0         │ 0        │ 1         │ 521      │
│ min_ff_n40C_1v95     │ 0.1093   │ 0.1093   │ 0.0000   │ 0        │ 0         │ 70.6905  │ 84.4153   │ 0.0000   │ 0         │ 0        │ 1         │ 0        │
│ max_tt_025C_1v80     │ 0.3228   │ 0.3228   │ 0.0000   │ 0        │ 0         │ 64.6361  │ 70.2702   │ 0.0000   │ 0         │ 0        │ 15        │ 38       │
│ max_ss_100C_1v60     │ 0.8968   │ 0.8968   │ 0.0000   │ 0        │ 0         │ 40.1520  │ 40.1520   │ 0.0000   │ 0         │ 0        │ 18        │ 999      │
│ max_ff_n40C_1v95     │ 0.1129   │ 0.1129   │ 0.0000   │ 0        │ 0         │ 70.4174  │ 83.4154   │ 0.0000   │ 0         │ 0        │ 15        │ 0        │
└──────────────────────┴──────────┴──────────┴──────────┴──────────┴───────────┴──────────┴───────────┴──────────┴───────────┴──────────┴───────────┴──────────┘
