┏━━━━━━━━━━━━━━━━━━━━━━┳━━━━━━━━━━┳━━━━━━━━━━┳━━━━━━━━━━┳━━━━━━━━━━┳━━━━━━━━━━━┳━━━━━━━━━━┳━━━━━━━━━━━┳━━━━━━━━━━┳━━━━━━━━━━━┳━━━━━━━━━━┳━━━━━━━━━━━┳━━━━━━━━━━┓
┃                      ┃ Hold     ┃ Reg to   ┃          ┃          ┃ of which  ┃ Setup    ┃           ┃          ┃           ┃ of which ┃           ┃          ┃
┃                      ┃ Worst    ┃ Reg      ┃          ┃ Hold Vio ┃ reg to    ┃ Worst    ┃ Reg to    ┃ Setup    ┃ Setup Vio ┃ reg to   ┃ Max Cap   ┃ Max Slew ┃
┃ Corner/Group         ┃ Slack    ┃ Paths    ┃ Hold TNS ┃ Count    ┃ reg       ┃ Slack    ┃ Reg Paths ┃ TNS      ┃ Count     ┃ reg      ┃ Violatio… ┃ Violati… ┃
┡━━━━━━━━━━━━━━━━━━━━━━╇━━━━━━━━━━╇━━━━━━━━━━╇━━━━━━━━━━╇━━━━━━━━━━╇━━━━━━━━━━━╇━━━━━━━━━━╇━━━━━━━━━━━╇━━━━━━━━━━╇━━━━━━━━━━━╇━━━━━━━━━━╇━━━━━━━━━━━╇━━━━━━━━━━┩
│ Overall              │ 0.1116   │ 0.1116   │ 0.0000   │ 0        │ 0         │ 40.3436  │ 40.3436   │ 0.0000   │ 0         │ 0        │ 1         │ 763      │
│ nom_tt_025C_1v80     │ 0.3132   │ 0.3132   │ 0.0000   │ 0        │ 0         │ 64.7028  │ 71.3077   │ 0.0000   │ 0         │ 0        │ 0         │ 0        │
│ nom_ss_100C_1v60     │ 0.8745   │ 0.8745   │ 0.0000   │ 0        │ 0         │ 41.9269  │ 41.9269   │ 0.0000   │ 0         │ 0        │ 0         │ 640      │
│ nom_ff_n40C_1v95     │ 0.1140   │ 0.1140   │ 0.0000   │ 0        │ 0         │ 70.4823  │ 84.5039   │ 0.0000   │ 0         │ 0        │ 0         │ 0        │
│ min_tt_025C_1v80     │ 0.3099   │ 0.3099   │ 0.0000   │ 0        │ 0         │ 64.9307  │ 72.2456   │ 0.0000   │ 0         │ 0        │ 0         │ 0        │
│ min_ss_100C_1v60     │ 0.8705   │ 0.8705   │ 0.0000   │ 0        │ 0         │ 43.6673  │ 43.6673   │ 0.0000   │ 0         │ 0        │ 0         │ 417      │
│ min_ff_n40C_1v95     │ 0.1116   │ 0.1116   │ 0.0000   │ 0        │ 0         │ 70.6377  │ 84.9667   │ 0.0000   │ 0         │ 0        │ 0         │ 0        │
│ max_tt_025C_1v80     │ 0.3175   │ 0.3175   │ 0.0000   │ 0        │ 0         │ 64.4781  │ 70.4509   │ 0.0000   │ 0         │ 0        │ 1         │ 16       │
│ max_ss_100C_1v60     │ 0.8798   │ 0.8798   │ 0.0000   │ 0        │ 0         │ 40.3436  │ 40.3436   │ 0.0000   │ 0         │ 0        │ 1         │ 763      │
│ max_ff_n40C_1v95     │ 0.1172   │ 0.1172   │ 0.0000   │ 0        │ 0         │ 70.3268  │ 84.0511   │ 0.0000   │ 0         │ 0        │ 1         │ 0        │
└──────────────────────┴──────────┴──────────┴──────────┴──────────┴───────────┴──────────┴───────────┴──────────┴───────────┴──────────┴───────────┴──────────┘
