
===========================================================================
 report_power
============================================================================
======================= nom_tt_025C_1v80 Corner ===================================

Group                    Internal    Switching      Leakage        Total
                            Power        Power        Power        Power (Watts)
------------------------------------------------------------------------
Sequential           1.207830e-03 1.507877e-04 3.238939e-08 1.358650e-03  22.5%
Combinational        1.493025e-03 2.444238e-03 8.457713e-08 3.937348e-03  65.2%
Clock                3.431012e-04 4.005709e-04 2.268336e-08 7.436948e-04  12.3%
Macro                0.000000e+00 0.000000e+00 0.000000e+00 0.000000e+00   0.0%
Pad                  0.000000e+00 0.000000e+00 0.000000e+00 0.000000e+00   0.0%
------------------------------------------------------------------------
Total                3.043962e-03 2.995603e-03 1.396482e-07 6.039704e-03 100.0%
                            50.4%        49.6%         0.0%

