
===========================================================================
 report_power
============================================================================
======================= max_tt_025C_1v80 Corner ===================================

Group                    Internal    Switching      Leakage        Total
                            Power        Power        Power        Power (Watts)
------------------------------------------------------------------------
Sequential           1.207663e-03 1.582860e-04 3.238939e-08 1.365981e-03  22.0%
Combinational        1.493582e-03 2.594864e-03 8.457713e-08 4.088531e-03  65.7%
Clock                3.433832e-04 4.231896e-04 2.268336e-08 7.665955e-04  12.3%
Macro                0.000000e+00 0.000000e+00 0.000000e+00 0.000000e+00   0.0%
Pad                  0.000000e+00 0.000000e+00 0.000000e+00 0.000000e+00   0.0%
------------------------------------------------------------------------
Total                3.044646e-03 3.176339e-03 1.396482e-07 6.221125e-03 100.0%
                            48.9%        51.1%         0.0%

