
===========================================================================
 report_power
============================================================================
======================= max_tt_025C_1v80 Corner ===================================

Group                    Internal    Switching      Leakage        Total
                            Power        Power        Power        Power (Watts)
------------------------------------------------------------------------
Sequential           1.207649e-03 1.548927e-04 3.239391e-08 1.362574e-03  21.7%
Combinational        1.496459e-03 2.663750e-03 8.486217e-08 4.160293e-03  66.2%
Clock                3.309863e-04 4.279359e-04 3.844546e-08 7.589607e-04  12.1%
Macro                0.000000e+00 0.000000e+00 0.000000e+00 0.000000e+00   0.0%
Pad                  0.000000e+00 0.000000e+00 0.000000e+00 0.000000e+00   0.0%
------------------------------------------------------------------------
Total                3.035112e-03 3.246580e-03 1.556974e-07 6.281847e-03 100.0%
                            48.3%        51.7%         0.0%

