
===========================================================================
 report_power
============================================================================
======================= max_tt_025C_1v80 Corner ===================================

Group                    Internal    Switching      Leakage        Total
                            Power        Power        Power        Power (Watts)
------------------------------------------------------------------------
Sequential           1.207852e-03 1.609695e-04 3.239845e-08 1.368854e-03  21.7%
Combinational        1.490979e-03 2.692143e-03 8.474542e-08 4.183206e-03  66.4%
Clock                3.260085e-04 4.237464e-04 1.779189e-08 7.497727e-04  11.9%
Macro                0.000000e+00 0.000000e+00 0.000000e+00 0.000000e+00   0.0%
Pad                  0.000000e+00 0.000000e+00 0.000000e+00 0.000000e+00   0.0%
------------------------------------------------------------------------
Total                3.024844e-03 3.276863e-03 1.349371e-07 6.301841e-03 100.0%
                            48.0%        52.0%         0.0%

