
===========================================================================
 report_power
============================================================================
======================= max_ss_100C_1v60 Corner ===================================

Group                    Internal    Switching      Leakage        Total
                            Power        Power        Power        Power (Watts)
------------------------------------------------------------------------
Sequential           9.334887e-04 1.229690e-04 4.438418e-05 1.100842e-03  21.7%
Combinational        1.208404e-03 2.045986e-03 9.908531e-05 3.353476e-03  66.2%
Clock                2.805809e-04 3.288718e-04 4.139677e-06 6.135924e-04  12.1%
Macro                0.000000e+00 0.000000e+00 0.000000e+00 0.000000e+00   0.0%
Pad                  0.000000e+00 0.000000e+00 0.000000e+00 0.000000e+00   0.0%
------------------------------------------------------------------------
Total                2.422476e-03 2.497828e-03 1.476034e-04 5.067907e-03 100.0%
                            47.8%        49.3%         2.9%

