
===========================================================================
 report_power
============================================================================
======================= max_ss_100C_1v60 Corner ===================================

Group                    Internal    Switching      Leakage        Total
                            Power        Power        Power        Power (Watts)
------------------------------------------------------------------------
Sequential           9.332985e-04 1.203022e-04 4.438123e-05 1.097982e-03  21.5%
Combinational        1.211001e-03 2.101237e-03 9.931208e-05 3.411550e-03  66.7%
Clock                2.705022e-04 3.326032e-04 4.006395e-06 6.071118e-04  11.9%
Macro                0.000000e+00 0.000000e+00 0.000000e+00 0.000000e+00   0.0%
Pad                  0.000000e+00 0.000000e+00 0.000000e+00 0.000000e+00   0.0%
------------------------------------------------------------------------
Total                2.414806e-03 2.554140e-03 1.476940e-04 5.116639e-03 100.0%
                            47.2%        49.9%         2.9%

