
===========================================================================
 report_power
============================================================================
======================= max_ss_100C_1v60 Corner ===================================

Group                    Internal    Switching      Leakage        Total
                            Power        Power        Power        Power (Watts)
------------------------------------------------------------------------
Sequential           9.335154e-04 1.251115e-04 4.438430e-05 1.103011e-03  21.5%
Combinational        1.205741e-03 2.122865e-03 9.923985e-05 3.427845e-03  66.8%
Clock                2.664847e-04 3.292689e-04 3.919707e-06 5.996734e-04  11.7%
Macro                0.000000e+00 0.000000e+00 0.000000e+00 0.000000e+00   0.0%
Pad                  0.000000e+00 0.000000e+00 0.000000e+00 0.000000e+00   0.0%
------------------------------------------------------------------------
Total                2.405754e-03 2.577246e-03 1.475382e-04 5.130538e-03 100.0%
                            46.9%        50.2%         2.9%

